EN fa4bit NULL D:/vhdl/Fukk_adder1bit/FA4bit.vhd sub00/vhpl02 1601757982
EN fa1bit NULL D:/vhdl/Fukk_adder1bit/FA1bit.vhd sub00/vhpl00 1601757980
AR fa4bit behavioral D:/vhdl/Fukk_adder1bit/FA4bit.vhd sub00/vhpl03 1601757983
AR fa1bit behavioral D:/vhdl/Fukk_adder1bit/FA1bit.vhd sub00/vhpl01 1601757981
