AR comparator5bit behavioral D:/vhdl/COMPARATOR/comparator5bit.vhd sub00/vhpl03 1602663728
EN comparator5bit NULL D:/vhdl/COMPARATOR/comparator5bit.vhd sub00/vhpl02 1602663727
EN comparator1bit NULL D:/vhdl/COMPARATOR/comparator1bit.vhd sub00/vhpl00 1602663725
AR comparator1bit behavioral D:/vhdl/COMPARATOR/comparator1bit.vhd sub00/vhpl01 1602663726
