AR s1bit behavioral D:/vhdl/Full_subtracter/S1bit.vhd sub00/vhpl01 1602094490
EN s4bit NULL D:/vhdl/Full_subtracter/S4bit.vhd sub00/vhpl02 1602094491
EN s1bit NULL D:/vhdl/Full_subtracter/S1bit.vhd sub00/vhpl00 1602094489
AR s4bit behavioral D:/vhdl/Full_subtracter/S4bit.vhd sub00/vhpl03 1602094492
