V3 3
FL D:/vhdl/conditional_mux4to1/conditional_mux4to1.vhd 2020/10/14.11:36:51 P.20131013
EN work/conditional_mux4to1 1602862661 \
      FL D:/vhdl/conditional_mux4to1/conditional_mux4to1.vhd \
      PB ieee/std_logic_1164 1381692176 PB ieee/NUMERIC_STD 1381692181
AR work/conditional_mux4to1/Behavioral 1602862662 \
      FL D:/vhdl/conditional_mux4to1/conditional_mux4to1.vhd \
      EN work/conditional_mux4to1 1602862661
